// Jest Snapshot v1, https://goo.gl/fbAQLP

exports[`should render Expense List Items 1`] = `
<div>
  <Link
    replace={false}
    to="/edit/3"
  >
    <h3>
      Income
    </h3>
  </Link>
  <p>
    20000
     - 
    345600000
  </p>
</div>
`;
