// Jest Snapshot v1, https://goo.gl/fbAQLP

exports[`shold render help page correctly 1`] = `
<div>
  This is from my help component
</div>
`;
